Archive member included to satisfy reference by file (symbol)

e:/microprocessors-microcontrollers/stm32cubeide_1.7.0/stm32cubeide/plugins/com.st.stm32cube.ide.mcu.externaltools.gnu-tools-for-stm32.9-2020-q2-update.win32_2.0.0.202105311346/tools/bin/../lib/gcc/arm-none-eabi/9.3.1/../../../../arm-none-eabi/lib/thumb/v7-m/nofp\libc_nano.a(lib_a-errno.o)
                              ./Core/Src/syscalls.o (__errno)
e:/microprocessors-microcontrollers/stm32cubeide_1.7.0/stm32cubeide/plugins/com.st.stm32cube.ide.mcu.externaltools.gnu-tools-for-stm32.9-2020-q2-update.win32_2.0.0.202105311346/tools/bin/../lib/gcc/arm-none-eabi/9.3.1/../../../../arm-none-eabi/lib/thumb/v7-m/nofp\libc_nano.a(lib_a-exit.o)
                              e:/microprocessors-microcontrollers/stm32cubeide_1.7.0/stm32cubeide/plugins/com.st.stm32cube.ide.mcu.externaltools.gnu-tools-for-stm32.9-2020-q2-update.win32_2.0.0.202105311346/tools/bin/../lib/gcc/arm-none-eabi/9.3.1/../../../../arm-none-eabi/lib/thumb/v7-m/nofp/crt0.o (exit)
e:/microprocessors-microcontrollers/stm32cubeide_1.7.0/stm32cubeide/plugins/com.st.stm32cube.ide.mcu.externaltools.gnu-tools-for-stm32.9-2020-q2-update.win32_2.0.0.202105311346/tools/bin/../lib/gcc/arm-none-eabi/9.3.1/../../../../arm-none-eabi/lib/thumb/v7-m/nofp\libc_nano.a(lib_a-impure.o)
                              e:/microprocessors-microcontrollers/stm32cubeide_1.7.0/stm32cubeide/plugins/com.st.stm32cube.ide.mcu.externaltools.gnu-tools-for-stm32.9-2020-q2-update.win32_2.0.0.202105311346/tools/bin/../lib/gcc/arm-none-eabi/9.3.1/../../../../arm-none-eabi/lib/thumb/v7-m/nofp\libc_nano.a(lib_a-exit.o) (_global_impure_ptr)
e:/microprocessors-microcontrollers/stm32cubeide_1.7.0/stm32cubeide/plugins/com.st.stm32cube.ide.mcu.externaltools.gnu-tools-for-stm32.9-2020-q2-update.win32_2.0.0.202105311346/tools/bin/../lib/gcc/arm-none-eabi/9.3.1/../../../../arm-none-eabi/lib/thumb/v7-m/nofp\libc_nano.a(lib_a-init.o)
                              e:/microprocessors-microcontrollers/stm32cubeide_1.7.0/stm32cubeide/plugins/com.st.stm32cube.ide.mcu.externaltools.gnu-tools-for-stm32.9-2020-q2-update.win32_2.0.0.202105311346/tools/bin/../lib/gcc/arm-none-eabi/9.3.1/../../../../arm-none-eabi/lib/thumb/v7-m/nofp/crt0.o (__libc_init_array)
e:/microprocessors-microcontrollers/stm32cubeide_1.7.0/stm32cubeide/plugins/com.st.stm32cube.ide.mcu.externaltools.gnu-tools-for-stm32.9-2020-q2-update.win32_2.0.0.202105311346/tools/bin/../lib/gcc/arm-none-eabi/9.3.1/../../../../arm-none-eabi/lib/thumb/v7-m/nofp\libc_nano.a(lib_a-memset.o)
                              e:/microprocessors-microcontrollers/stm32cubeide_1.7.0/stm32cubeide/plugins/com.st.stm32cube.ide.mcu.externaltools.gnu-tools-for-stm32.9-2020-q2-update.win32_2.0.0.202105311346/tools/bin/../lib/gcc/arm-none-eabi/9.3.1/../../../../arm-none-eabi/lib/thumb/v7-m/nofp/crt0.o (memset)

Allocating common symbols
Common symbol       size              file

uwTick              0x4               ./Drivers/STM32F1xx_HAL_Driver/Src/stm32f1xx_hal.o
pFlash              0x20              ./Drivers/STM32F1xx_HAL_Driver/Src/stm32f1xx_hal_flash.o

Discarded input sections

 .text          0x0000000000000000        0x0 e:/microprocessors-microcontrollers/stm32cubeide_1.7.0/stm32cubeide/plugins/com.st.stm32cube.ide.mcu.externaltools.gnu-tools-for-stm32.9-2020-q2-update.win32_2.0.0.202105311346/tools/bin/../lib/gcc/arm-none-eabi/9.3.1/thumb/v7-m/nofp/crti.o
 .data          0x0000000000000000        0x0 e:/microprocessors-microcontrollers/stm32cubeide_1.7.0/stm32cubeide/plugins/com.st.stm32cube.ide.mcu.externaltools.gnu-tools-for-stm32.9-2020-q2-update.win32_2.0.0.202105311346/tools/bin/../lib/gcc/arm-none-eabi/9.3.1/thumb/v7-m/nofp/crti.o
 .bss           0x0000000000000000        0x0 e:/microprocessors-microcontrollers/stm32cubeide_1.7.0/stm32cubeide/plugins/com.st.stm32cube.ide.mcu.externaltools.gnu-tools-for-stm32.9-2020-q2-update.win32_2.0.0.202105311346/tools/bin/../lib/gcc/arm-none-eabi/9.3.1/thumb/v7-m/nofp/crti.o
 .data          0x0000000000000000        0x4 e:/microprocessors-microcontrollers/stm32cubeide_1.7.0/stm32cubeide/plugins/com.st.stm32cube.ide.mcu.externaltools.gnu-tools-for-stm32.9-2020-q2-update.win32_2.0.0.202105311346/tools/bin/../lib/gcc/arm-none-eabi/9.3.1/thumb/v7-m/nofp/crtbegin.o
 .text          0x0000000000000000       0x7c e:/microprocessors-microcontrollers/stm32cubeide_1.7.0/stm32cubeide/plugins/com.st.stm32cube.ide.mcu.externaltools.gnu-tools-for-stm32.9-2020-q2-update.win32_2.0.0.202105311346/tools/bin/../lib/gcc/arm-none-eabi/9.3.1/../../../../arm-none-eabi/lib/thumb/v7-m/nofp/crt0.o
 .data          0x0000000000000000        0x0 e:/microprocessors-microcontrollers/stm32cubeide_1.7.0/stm32cubeide/plugins/com.st.stm32cube.ide.mcu.externaltools.gnu-tools-for-stm32.9-2020-q2-update.win32_2.0.0.202105311346/tools/bin/../lib/gcc/arm-none-eabi/9.3.1/../../../../arm-none-eabi/lib/thumb/v7-m/nofp/crt0.o
[...]
Memory Configuration

Name             Origin             Length             Attributes
RAM              0x0000000020000000 0x0000000000002800 xrw
FLASH            0x0000000008000000 0x0000000000008000 xr
*default*        0x0000000000000000 0xffffffffffffffff

Linker script and memory map

LOAD e:/microprocessors-microcontrollers/stm32cubeide_1.7.0/stm32cubeide/plugins/com.st.stm32cube.ide.mcu.externaltools.gnu-tools-for-stm32.9-2020-q2-update.win32_2.0.0.202105311346/tools/bin/../lib/gcc/arm-none-eabi/9.3.1/thumb/v7-m/nofp/crti.o
LOAD e:/microprocessors-microcontrollers/stm32cubeide_1.7.0/stm32cubeide/plugins/com.st.stm32cube.ide.mcu.externaltools.gnu-tools-for-stm32.9-2020-q2-update.win32_2.0.0.202105311346/tools/bin/../lib/gcc/arm-none-eabi/9.3.1/thumb/v7-m/nofp/crtbegin.o
LOAD e:/microprocessors-microcontrollers/stm32cubeide_1.7.0/stm32cubeide/plugins/com.st.stm32cube.ide.mcu.externaltools.gnu-tools-for-stm32.9-2020-q2-update.win32_2.0.0.202105311346/tools/bin/../lib/gcc/arm-none-eabi/9.3.1/../../../../arm-none-eabi/lib/thumb/v7-m/nofp/crt0.o
LOAD ./Core/Src/Ex1.o
LOAD ./Core/Src/Ex2.o
LOAD ./Core/Src/Ex3.o
LOAD ./Core/Src/Ex4.o
LOAD ./Core/Src/Ex5.o
LOAD ./Core/Src/main.o
LOAD ./Core/Src/stm32f1xx_hal_msp.o
LOAD ./Core/Src/stm32f1xx_it.o
LOAD ./Core/Src/syscalls.o
LOAD ./Core/Src/sysmem.o
LOAD ./Core/Src/system_stm32f1xx.o
LOAD ./Core/Startup/startup_stm32f103c6ux.o
LOAD ./Drivers/STM32F1xx_HAL_Driver/Src/stm32f1xx_hal.o
LOAD ./Drivers/STM32F1xx_HAL_Driver/Src/stm32f1xx_hal_cortex.o
LOAD ./Drivers/STM32F1xx_HAL_Driver/Src/stm32f1xx_hal_dma.o
LOAD ./Drivers/STM32F1xx_HAL_Driver/Src/stm32f1xx_hal_exti.o
LOAD ./Drivers/STM32F1xx_HAL_Driver/Src/stm32f1xx_hal_flash.o
LOAD ./Drivers/STM32F1xx_HAL_Driver/Src/stm32f1xx_hal_flash_ex.o
LOAD ./Drivers/STM32F1xx_HAL_Driver/Src/stm32f1xx_hal_gpio.o
LOAD ./Drivers/STM32F1xx_HAL_Driver/Src/stm32f1xx_hal_gpio_ex.o
LOAD ./Drivers/STM32F1xx_HAL_Driver/Src/stm32f1xx_hal_pwr.o
LOAD ./Drivers/STM32F1xx_HAL_Driver/Src/stm32f1xx_hal_rcc.o
LOAD ./Drivers/STM32F1xx_HAL_Driver/Src/stm32f1xx_hal_rcc_ex.o
LOAD ./Drivers/STM32F1xx_HAL_Driver/Src/stm32f1xx_hal_tim.o
LOAD ./Drivers/STM32F1xx_HAL_Driver/Src/stm32f1xx_hal_tim_ex.o
START GROUP
LOAD e:/microprocessors-microcontrollers/stm32cubeide_1.7.0/stm32cubeide/plugins/com.st.stm32cube.ide.mcu.externaltools.gnu-tools-for-stm32.9-2020-q2-update.win32_2.0.0.202105311346/tools/bin/../lib/gcc/arm-none-eabi/9.3.1/../../../../arm-none-eabi/lib/thumb/v7-m/nofp\libc_nano.a
LOAD e:/microprocessors-microcontrollers/stm32cubeide_1.7.0/stm32cubeide/plugins/com.st.stm32cube.ide.mcu.externaltools.gnu-tools-for-stm32.9-2020-q2-update.win32_2.0.0.202105311346/tools/bin/../lib/gcc/arm-none-eabi/9.3.1/../../../../arm-none-eabi/lib/thumb/v7-m/nofp\libm.a
END GROUP
START GROUP
LOAD e:/microprocessors-microcontrollers/stm32cubeide_1.7.0/stm32cubeide/plugins/com.st.stm32cube.ide.mcu.externaltools.gnu-tools-for-stm32.9-2020-q2-update.win32_2.0.0.202105311346/tools/bin/../lib/gcc/arm-none-eabi/9.3.1/thumb/v7-m/nofp\libgcc.a
LOAD e:/microprocessors-microcontrollers/stm32cubeide_1.7.0/stm32cubeide/plugins/com.st.stm32cube.ide.mcu.externaltools.gnu-tools-for-stm32.9-2020-q2-update.win32_2.0.0.202105311346/tools/bin/../lib/gcc/arm-none-eabi/9.3.1/../../../../arm-none-eabi/lib/thumb/v7-m/nofp\libc_nano.a
END GROUP
START GROUP
LOAD e:/microprocessors-microcontrollers/stm32cubeide_1.7.0/stm32cubeide/plugins/com.st.stm32cube.ide.mcu.externaltools.gnu-tools-for-stm32.9-2020-q2-update.win32_2.0.0.202105311346/tools/bin/../lib/gcc/arm-none-eabi/9.3.1/thumb/v7-m/nofp\libgcc.a
LOAD e:/microprocessors-microcontrollers/stm32cubeide_1.7.0/stm32cubeide/plugins/com.st.stm32cube.ide.mcu.externaltools.gnu-tools-for-stm32.9-2020-q2-update.win32_2.0.0.202105311346/tools/bin/../lib/gcc/arm-none-eabi/9.3.1/../../../../arm-none-eabi/lib/thumb/v7-m/nofp\libc_nano.a
LOAD e:/microprocessors-microcontrollers/stm32cubeide_1.7.0/stm32cubeide/plugins/com.st.stm32cube.ide.mcu.externaltools.gnu-tools-for-stm32.9-2020-q2-update.win32_2.0.0.202105311346/tools/bin/../lib/gcc/arm-none-eabi/9.3.1/../../../../arm-none-eabi/lib/thumb/v7-m/nofp\libnosys.a
END GROUP
START GROUP
LOAD e:/microprocessors-microcontrollers/stm32cubeide_1.7.0/stm32cubeide/plugins/com.st.stm32cube.ide.mcu.externaltools.gnu-tools-for-stm32.9-2020-q2-update.win32_2.0.0.202105311346/tools/bin/../lib/gcc/arm-none-eabi/9.3.1/thumb/v7-m/nofp\libgcc.a
LOAD e:/microprocessors-microcontrollers/stm32cubeide_1.7.0/stm32cubeide/plugins/com.st.stm32cube.ide.mcu.externaltools.gnu-tools-for-stm32.9-2020-q2-update.win32_2.0.0.202105311346/tools/bin/../lib/gcc/arm-none-eabi/9.3.1/../../../../arm-none-eabi/lib/thumb/v7-m/nofp\libc_nano.a
LOAD e:/microprocessors-microcontrollers/stm32cubeide_1.7.0/stm32cubeide/plugins/com.st.stm32cube.ide.mcu.externaltools.gnu-tools-for-stm32.9-2020-q2-update.win32_2.0.0.202105311346/tools/bin/../lib/gcc/arm-none-eabi/9.3.1/../../../../arm-none-eabi/lib/thumb/v7-m/nofp\libnosys.a
END GROUP
LOAD e:/microprocessors-microcontrollers/stm32cubeide_1.7.0/stm32cubeide/plugins/com.st.stm32cube.ide.mcu.externaltools.gnu-tools-for-stm32.9-2020-q2-update.win32_2.0.0.202105311346/tools/bin/../lib/gcc/arm-none-eabi/9.3.1/thumb/v7-m/nofp/crtend.o
LOAD e:/microprocessors-microcontrollers/stm32cubeide_1.7.0/stm32cubeide/plugins/com.st.stm32cube.ide.mcu.externaltools.gnu-tools-for-stm32.9-2020-q2-update.win32_2.0.0.202105311346/tools/bin/../lib/gcc/arm-none-eabi/9.3.1/thumb/v7-m/nofp/crtn.o
                0x0000000020002800                _estack = (ORIGIN (RAM) + LENGTH (RAM))
                0x0000000000000200                _Min_Heap_Size = 0x200
                0x0000000000000400                _Min_Stack_Size = 0x400

.isr_vector     0x0000000008000000      0x10c
                0x0000000008000000                . = ALIGN (0x4)
 *(.isr_vector)
 .isr_vector    0x0000000008000000      0x10c ./Core/Startup/startup_stm32f103c6ux.o
                0x0000000008000000                g_pfnVectors
                0x000000000800010c                . = ALIGN (0x4)

.text           0x000000000800010c     0x1700
                0x000000000800010c                . = ALIGN (0x4)
 *(.text)
 .text          0x000000000800010c       0x40 e:/microprocessors-microcontrollers/stm32cubeide_1.7.0/stm32cubeide/plugins/com.st.stm32cube.ide.mcu.externaltools.gnu-tools-for-stm32.9-2020-q2-update.win32_2.0.0.202105311346/tools/bin/../lib/gcc/arm-none-eabi/9.3.1/thumb/v7-m/nofp/crtbegin.o
 *(.text*)
 .text.Ex1_run  0x000000000800014c       0x88 ./Core/Src/Ex1.o
                0x000000000800014c                Ex1_run
 .text.Ex2_run  0x00000000080001d4       0xd0 ./Core/Src/Ex2.o
                0x00000000080001d4                Ex2_run
 .text.settrafficlight1
                0x00000000080002a4       0x40 ./Core/Src/Ex3.o
                0x00000000080002a4                settrafficlight1
 .text.Ex3_run  0x00000000080002e4      0x104 ./Core/Src/Ex3.o
                0x00000000080002e4                Ex3_run
 .text.display7SEG
                0x00000000080003e8      0x110 ./Core/Src/Ex4.o
                0x00000000080003e8                display7SEG
 .text.Ex4_run  0x00000000080004f8       0x58 ./Core/Src/Ex4.o
                0x00000000080004f8                Ex4_run
 .text.display7SEG1
                0x0000000008000550       0x7c ./Core/Src/Ex5.o
                0x0000000008000550                display7SEG1
 .text.Ex5_run  0x00000000080005cc      0x1b8 ./Core/Src/Ex5.o
                0x00000000080005cc                Ex5_run
 .text.main     0x0000000008000784       0x2e ./Core/Src/main.o
                0x0000000008000784                main
 .text.SystemClock_Config
                0x00000000080007b2       0x76 ./Core/Src/main.o
                0x00000000080007b2                SystemClock_Config
 .text.MX_GPIO_Init
                0x0000000008000828       0xac ./Core/Src/main.o
 .text.Error_Handler
                0x00000000080008d4        0xa ./Core/Src/main.o
                0x00000000080008d4                Error_Handler
 *fill*         0x00000000080008de        0x2 
 .text.HAL_MspInit
                0x00000000080008e0       0x64 ./Core/Src/stm32f1xx_hal_msp.o
                0x00000000080008e0                HAL_MspInit
 .text.NMI_Handler
                0x0000000008000944        0x6 ./Core/Src/stm32f1xx_it.o
                0x0000000008000944                NMI_Handler
 .text.HardFault_Handler
                0x000000000800094a        0x6 ./Core/Src/stm32f1xx_it.o
                0x000000000800094a                HardFault_Handler
 .text.MemManage_Handler
                0x0000000008000950        0x6 ./Core/Src/stm32f1xx_it.o
                0x0000000008000950                MemManage_Handler
 .text.BusFault_Handler
                0x0000000008000956        0x6 ./Core/Src/stm32f1xx_it.o
                0x0000000008000956                BusFault_Handler
 .text.UsageFault_Handler
                0x000000000800095c        0x6 ./Core/Src/stm32f1xx_it.o
                0x000000000800095c                UsageFault_Handler
 .text.SVC_Handler
                0x0000000008000962        0xc ./Core/Src/stm32f1xx_it.o
                0x0000000008000962                SVC_Handler
 .text.DebugMon_Handler
                0x000000000800096e        0xc ./Core/Src/stm32f1xx_it.o
                0x000000000800096e                DebugMon_Handler
 .text.PendSV_Handler
                0x000000000800097a        0xc ./Core/Src/stm32f1xx_it.o
                0x000000000800097a                PendSV_Handler
 .text.SysTick_Handler
                0x0000000008000986        0xc ./Core/Src/stm32f1xx_it.o
                0x0000000008000986                SysTick_Handler
 .text.SystemInit
                0x0000000008000992        0xc ./Core/Src/system_stm32f1xx.o
                0x0000000008000992                SystemInit
 *fill*         0x000000000800099e        0x2 
 .text.Reset_Handler
                0x00000000080009a0       0x48 ./Core/Startup/startup_stm32f103c6ux.o
                0x00000000080009a0                Reset_Handler
 .text.Default_Handler
                0x00000000080009e8        0x2 ./Core/Startup/startup_stm32f103c6ux.o
                0x00000000080009e8                RTC_Alarm_IRQHandler
                0x00000000080009e8                EXTI2_IRQHandler
                0x00000000080009e8                TIM1_CC_IRQHandler
                0x00000000080009e8                PVD_IRQHandler
                0x00000000080009e8                EXTI3_IRQHandler
                0x00000000080009e8                EXTI0_IRQHandler
                0x00000000080009e8                ADC1_2_IRQHandler
                0x00000000080009e8                SPI1_IRQHandler
                0x00000000080009e8                TAMPER_IRQHandler
                0x00000000080009e8                DMA1_Channel4_IRQHandler
                0x00000000080009e8                RTC_IRQHandler
                0x00000000080009e8                DMA1_Channel7_IRQHandler
                0x00000000080009e8                CAN1_RX1_IRQHandler
                0x00000000080009e8                I2C1_EV_IRQHandler
                0x00000000080009e8                DMA1_Channel6_IRQHandler
                0x00000000080009e8                TIM3_IRQHandler
                0x00000000080009e8                RCC_IRQHandler
                0x00000000080009e8                TIM1_TRG_COM_IRQHandler
                0x00000000080009e8                DMA1_Channel1_IRQHandler
                0x00000000080009e8                Default_Handler
                0x00000000080009e8                EXTI15_10_IRQHandler
                0x00000000080009e8                EXTI9_5_IRQHandler
                0x00000000080009e8                DMA1_Channel5_IRQHandler
                0x00000000080009e8                EXTI4_IRQHandler
                0x00000000080009e8                USB_LP_CAN1_RX0_IRQHandler
                0x00000000080009e8                USB_HP_CAN1_TX_IRQHandler
                0x00000000080009e8                DMA1_Channel3_IRQHandler
                0x00000000080009e8                TIM1_UP_IRQHandler
                0x00000000080009e8                WWDG_IRQHandler
                0x00000000080009e8                TIM2_IRQHandler
                0x00000000080009e8                TIM1_BRK_IRQHandler
                0x00000000080009e8                EXTI1_IRQHandler
                0x00000000080009e8                USART2_IRQHandler
                0x00000000080009e8                DMA1_Channel2_IRQHandler
                0x00000000080009e8                CAN1_SCE_IRQHandler
                0x00000000080009e8                FLASH_IRQHandler
                0x00000000080009e8                USART1_IRQHandler
                0x00000000080009e8                I2C1_ER_IRQHandler
                0x00000000080009e8                USBWakeUp_IRQHandler
 *fill*         0x00000000080009ea        0x2 
 .text.HAL_Init
                0x00000000080009ec       0x2c ./Drivers/STM32F1xx_HAL_Driver/Src/stm32f1xx_hal.o
                0x00000000080009ec                HAL_Init
 .text.HAL_InitTick
                0x0000000008000a18       0x60 ./Drivers/STM32F1xx_HAL_Driver/Src/stm32f1xx_hal.o
                0x0000000008000a18                HAL_InitTick
 .text.HAL_IncTick
                0x0000000008000a78       0x24 ./Drivers/STM32F1xx_HAL_Driver/Src/stm32f1xx_hal.o
                0x0000000008000a78                HAL_IncTick
 .text.HAL_GetTick
                0x0000000008000a9c       0x14 ./Drivers/STM32F1xx_HAL_Driver/Src/stm32f1xx_hal.o
                0x0000000008000a9c                HAL_GetTick
 .text.HAL_Delay
                0x0000000008000ab0       0x48 ./Drivers/STM32F1xx_HAL_Driver/Src/stm32f1xx_hal.o
                0x0000000008000ab0                HAL_Delay
 .text.__NVIC_SetPriorityGrouping
                0x0000000008000af8       0x48 ./Drivers/STM32F1xx_HAL_Driver/Src/stm32f1xx_hal_cortex.o
 .text.__NVIC_GetPriorityGrouping
                0x0000000008000b40       0x1c ./Drivers/STM32F1xx_HAL_Driver/Src/stm32f1xx_hal_cortex.o
 .text.__NVIC_SetPriority
                0x0000000008000b5c       0x54 ./Drivers/STM32F1xx_HAL_Driver/Src/stm32f1xx_hal_cortex.o
 .text.NVIC_EncodePriority
                0x0000000008000bb0       0x64 ./Drivers/STM32F1xx_HAL_Driver/Src/stm32f1xx_hal_cortex.o
 .text.SysTick_Config
                0x0000000008000c14       0x44 ./Drivers/STM32F1xx_HAL_Driver/Src/stm32f1xx_hal_cortex.o
 .text.HAL_NVIC_SetPriorityGrouping
                0x0000000008000c58       0x16 ./Drivers/STM32F1xx_HAL_Driver/Src/stm32f1xx_hal_cortex.o
                0x0000000008000c58                HAL_NVIC_SetPriorityGrouping
 .text.HAL_NVIC_SetPriority
                0x0000000008000c6e       0x38 ./Drivers/STM32F1xx_HAL_Driver/Src/stm32f1xx_hal_cortex.o
                0x0000000008000c6e                HAL_NVIC_SetPriority
 .text.HAL_SYSTICK_Config
                0x0000000008000ca6       0x18 ./Drivers/STM32F1xx_HAL_Driver/Src/stm32f1xx_hal_cortex.o
                0x0000000008000ca6                HAL_SYSTICK_Config
 *fill*         0x0000000008000cbe        0x2 
 .text.HAL_GPIO_Init
                0x0000000008000cc0      0x2f4 ./Drivers/STM32F1xx_HAL_Driver/Src/stm32f1xx_hal_gpio.o
                0x0000000008000cc0                HAL_GPIO_Init
 .text.HAL_GPIO_WritePin
                0x0000000008000fb4       0x30 ./Drivers/STM32F1xx_HAL_Driver/Src/stm32f1xx_hal_gpio.o
                0x0000000008000fb4                HAL_GPIO_WritePin
 .text.HAL_RCC_OscConfig
                0x0000000008000fe4      0x500 ./Drivers/STM32F1xx_HAL_Driver/Src/stm32f1xx_hal_rcc.o
                0x0000000008000fe4                HAL_RCC_OscConfig
 .text.HAL_RCC_ClockConfig
                0x00000000080014e4      0x1d4 ./Drivers/STM32F1xx_HAL_Driver/Src/stm32f1xx_hal_rcc.o
                0x00000000080014e4                HAL_RCC_ClockConfig
 .text.HAL_RCC_GetSysClockFreq
                0x00000000080016b8       0xa8 ./Drivers/STM32F1xx_HAL_Driver/Src/stm32f1xx_hal_rcc.o
                0x00000000080016b8                HAL_RCC_GetSysClockFreq
 .text.RCC_Delay
                0x0000000008001760       0x3c ./Drivers/STM32F1xx_HAL_Driver/Src/stm32f1xx_hal_rcc.o
 .text.__libc_init_array
                0x000000000800179c       0x48 e:/microprocessors-microcontrollers/stm32cubeide_1.7.0/stm32cubeide/plugins/com.st.stm32cube.ide.mcu.externaltools.gnu-tools-for-stm32.9-2020-q2-update.win32_2.0.0.202105311346/tools/bin/../lib/gcc/arm-none-eabi/9.3.1/../../../../arm-none-eabi/lib/thumb/v7-m/nofp\libc_nano.a(lib_a-init.o)
                0x000000000800179c                __libc_init_array
 .text.memset   0x00000000080017e4       0x10 e:/microprocessors-microcontrollers/stm32cubeide_1.7.0/stm32cubeide/plugins/com.st.stm32cube.ide.mcu.externaltools.gnu-tools-for-stm32.9-2020-q2-update.win32_2.0.0.202105311346/tools/bin/../lib/gcc/arm-none-eabi/9.3.1/../../../../arm-none-eabi/lib/thumb/v7-m/nofp\libc_nano.a(lib_a-memset.o)
                0x00000000080017e4                memset
 *(.glue_7)
 .glue_7        0x00000000080017f4        0x0 linker stubs
 *(.glue_7t)
 .glue_7t       0x00000000080017f4        0x0 linker stubs
 *(.eh_frame)
 .eh_frame      0x00000000080017f4        0x0 e:/microprocessors-microcontrollers/stm32cubeide_1.7.0/stm32cubeide/plugins/com.st.stm32cube.ide.mcu.externaltools.gnu-tools-for-stm32.9-2020-q2-update.win32_2.0.0.202105311346/tools/bin/../lib/gcc/arm-none-eabi/9.3.1/thumb/v7-m/nofp/crtbegin.o
 *(.init)
 .init          0x00000000080017f4        0x4 e:/microprocessors-microcontrollers/stm32cubeide_1.7.0/stm32cubeide/plugins/com.st.stm32cube.ide.mcu.externaltools.gnu-tools-for-stm32.9-2020-q2-update.win32_2.0.0.202105311346/tools/bin/../lib/gcc/arm-none-eabi/9.3.1/thumb/v7-m/nofp/crti.o
                0x00000000080017f4                _init
 .init          0x00000000080017f8        0x8 e:/microprocessors-microcontrollers/stm32cubeide_1.7.0/stm32cubeide/plugins/com.st.stm32cube.ide.mcu.externaltools.gnu-tools-for-stm32.9-2020-q2-update.win32_2.0.0.202105311346/tools/bin/../lib/gcc/arm-none-eabi/9.3.1/thumb/v7-m/nofp/crtn.o
 *(.fini)
 .fini          0x0000000008001800        0x4 e:/microprocessors-microcontrollers/stm32cubeide_1.7.0/stm32cubeide/plugins/com.st.stm32cube.ide.mcu.externaltools.gnu-tools-for-stm32.9-2020-q2-update.win32_2.0.0.202105311346/tools/bin/../lib/gcc/arm-none-eabi/9.3.1/thumb/v7-m/nofp/crti.o
                0x0000000008001800                _fini
 .fini          0x0000000008001804        0x8 e:/microprocessors-microcontrollers/stm32cubeide_1.7.0/stm32cubeide/plugins/com.st.stm32cube.ide.mcu.externaltools.gnu-tools-for-stm32.9-2020-q2-update.win32_2.0.0.202105311346/tools/bin/../lib/gcc/arm-none-eabi/9.3.1/thumb/v7-m/nofp/crtn.o
                0x000000000800180c                . = ALIGN (0x4)
                0x000000000800180c                _etext = .

.vfp11_veneer   0x000000000800180c        0x0
 .vfp11_veneer  0x000000000800180c        0x0 linker stubs

.v4_bx          0x000000000800180c        0x0
 .v4_bx         0x000000000800180c        0x0 linker stubs

.iplt           0x000000000800180c        0x0
 .iplt          0x000000000800180c        0x0 e:/microprocessors-microcontrollers/stm32cubeide_1.7.0/stm32cubeide/plugins/com.st.stm32cube.ide.mcu.externaltools.gnu-tools-for-stm32.9-2020-q2-update.win32_2.0.0.202105311346/tools/bin/../lib/gcc/arm-none-eabi/9.3.1/thumb/v7-m/nofp/crtbegin.o

.rodata         0x000000000800180c       0x3c
                0x000000000800180c                . = ALIGN (0x4)
 *(.rodata)
 .rodata        0x000000000800180c        0xa ./Core/Src/Ex4.o
 *(.rodata*)
 *fill*         0x0000000008001816        0x2 
 .rodata.segmentMap
                0x0000000008001818        0xa ./Core/Src/Ex5.o
                0x0000000008001818                segmentMap
 *fill*         0x0000000008001822        0x2 
 .rodata.AHBPrescTable
                0x0000000008001824       0x10 ./Core/Src/system_stm32f1xx.o
                0x0000000008001824                AHBPrescTable
 .rodata.aPLLMULFactorTable.5504
                0x0000000008001834       0x10 ./Drivers/STM32F1xx_HAL_Driver/Src/stm32f1xx_hal_rcc.o
 .rodata.aPredivFactorTable.5505
                0x0000000008001844        0x2 ./Drivers/STM32F1xx_HAL_Driver/Src/stm32f1xx_hal_rcc.o
                0x0000000008001848                . = ALIGN (0x4)
 *fill*         0x0000000008001846        0x2 

.rel.dyn        0x0000000008001848        0x0
 .rel.iplt      0x0000000008001848        0x0 e:/microprocessors-microcontrollers/stm32cubeide_1.7.0/stm32cubeide/plugins/com.st.stm32cube.ide.mcu.externaltools.gnu-tools-for-stm32.9-2020-q2-update.win32_2.0.0.202105311346/tools/bin/../lib/gcc/arm-none-eabi/9.3.1/thumb/v7-m/nofp/crtbegin.o

.ARM.extab      0x0000000008001848        0x0
                0x0000000008001848                . = ALIGN (0x4)
 *(.ARM.extab* .gnu.linkonce.armextab.*)
                0x0000000008001848                . = ALIGN (0x4)

.ARM            0x0000000008001848        0x0
                0x0000000008001848                . = ALIGN (0x4)
                0x0000000008001848                __exidx_start = .
 *(.ARM.exidx*)
                0x0000000008001848                __exidx_end = .
                0x0000000008001848                . = ALIGN (0x4)

.preinit_array  0x0000000008001848        0x0
                0x0000000008001848                . = ALIGN (0x4)
                0x0000000008001848                PROVIDE (__preinit_array_start = .)
 *(.preinit_array*)
                0x0000000008001848                PROVIDE (__preinit_array_end = .)
                0x0000000008001848                . = ALIGN (0x4)

.init_array     0x0000000008001848        0x4
                0x0000000008001848                . = ALIGN (0x4)
                0x0000000008001848                PROVIDE (__init_array_start = .)
 *(SORT_BY_NAME(.init_array.*))
 *(.init_array*)
 .init_array    0x0000000008001848        0x4 e:/microprocessors-microcontrollers/stm32cubeide_1.7.0/stm32cubeide/plugins/com.st.stm32cube.ide.mcu.externaltools.gnu-tools-for-stm32.9-2020-q2-update.win32_2.0.0.202105311346/tools/bin/../lib/gcc/arm-none-eabi/9.3.1/thumb/v7-m/nofp/crtbegin.o
                0x000000000800184c                PROVIDE (__init_array_end = .)
                0x000000000800184c                . = ALIGN (0x4)

.fini_array     0x000000000800184c        0x4
                0x000000000800184c                . = ALIGN (0x4)
                [!provide]                        PROVIDE (__fini_array_start = .)
 *(SORT_BY_NAME(.fini_array.*))
 *(.fini_array*)
 .fini_array    0x000000000800184c        0x4 e:/microprocessors-microcontrollers/stm32cubeide_1.7.0/stm32cubeide/plugins/com.st.stm32cube.ide.mcu.externaltools.gnu-tools-for-stm32.9-2020-q2-update.win32_2.0.0.202105311346/tools/bin/../lib/gcc/arm-none-eabi/9.3.1/thumb/v7-m/nofp/crtbegin.o
                [!provide]                        PROVIDE (__fini_array_end = .)
                0x0000000008001850                . = ALIGN (0x4)
                0x0000000008001850                _sidata = LOADADDR (.data)

.data           0x0000000020000000       0x6c load address 0x0000000008001850
                0x0000000020000000                . = ALIGN (0x4)
                0x0000000020000000                _sdata = .
 *(.data)
 *(.data*)
 .data.counterred
                0x0000000020000000        0x4 ./Core/Src/Ex5.o
                0x0000000020000000                counterred
 .data.counteryellow
                0x0000000020000004        0x4 ./Core/Src/Ex5.o
                0x0000000020000004                counteryellow
 .data.countergreen
                0x0000000020000008        0x4 ./Core/Src/Ex5.o
                0x0000000020000008                countergreen
 .data.segmentPorts
                0x000000002000000c       0x38 ./Core/Src/Ex5.o
                0x000000002000000c                segmentPorts
 .data.segmentPins
                0x0000000020000044       0x1c ./Core/Src/Ex5.o
                0x0000000020000044                segmentPins
 .data.SystemCoreClock
                0x0000000020000060        0x4 ./Core/Src/system_stm32f1xx.o
                0x0000000020000060                SystemCoreClock
 .data.uwTickPrio
                0x0000000020000064        0x4 ./Drivers/STM32F1xx_HAL_Driver/Src/stm32f1xx_hal.o
                0x0000000020000064                uwTickPrio
 .data.uwTickFreq
                0x0000000020000068        0x1 ./Drivers/STM32F1xx_HAL_Driver/Src/stm32f1xx_hal.o
                0x0000000020000068                uwTickFreq
 *(.RamFunc)
 *(.RamFunc*)
                0x000000002000006c                . = ALIGN (0x4)
 *fill*         0x0000000020000069        0x3 
                0x000000002000006c                _edata = .

.igot.plt       0x000000002000006c        0x0 load address 0x00000000080018bc
 .igot.plt      0x000000002000006c        0x0 e:/microprocessors-microcontrollers/stm32cubeide_1.7.0/stm32cubeide/plugins/com.st.stm32cube.ide.mcu.externaltools.gnu-tools-for-stm32.9-2020-q2-update.win32_2.0.0.202105311346/tools/bin/../lib/gcc/arm-none-eabi/9.3.1/thumb/v7-m/nofp/crtbegin.o
                0x000000002000006c                . = ALIGN (0x4)

.bss            0x000000002000006c       0x24 load address 0x00000000080018bc
                0x000000002000006c                _sbss = .
                0x000000002000006c                __bss_start__ = _sbss
 *(.bss)
 .bss           0x000000002000006c       0x1c e:/microprocessors-microcontrollers/stm32cubeide_1.7.0/stm32cubeide/plugins/com.st.stm32cube.ide.mcu.externaltools.gnu-tools-for-stm32.9-2020-q2-update.win32_2.0.0.202105311346/tools/bin/../lib/gcc/arm-none-eabi/9.3.1/thumb/v7-m/nofp/crtbegin.o
 *(.bss*)
 .bss.counter   0x0000000020000088        0x4 ./Core/Src/Ex1.o
                0x0000000020000088                counter
 *(COMMON)
 COMMON         0x000000002000008c        0x4 ./Drivers/STM32F1xx_HAL_Driver/Src/stm32f1xx_hal.o
                0x000000002000008c                uwTick
                0x0000000020000090                . = ALIGN (0x4)
                0x0000000020000090                _ebss = .
                0x0000000020000090                __bss_end__ = _ebss

._user_heap_stack
                0x0000000020000090      0x600 load address 0x00000000080018bc
                0x0000000020000090                . = ALIGN (0x8)
                [!provide]                        PROVIDE (end = .)
                0x0000000020000090                PROVIDE (_end = .)
                0x0000000020000290                . = (. + _Min_Heap_Size)
 *fill*         0x0000000020000090      0x200 
                0x0000000020000690                . = (. + _Min_Stack_Size)
 *fill*         0x0000000020000290      0x400 
                0x0000000020000690                . = ALIGN (0x8)

/DISCARD/
 libc.a(*)
 libm.a(*)
 libgcc.a(*)

.ARM.attributes
                0x0000000000000000       0x29
 *(.ARM.attributes)
 .ARM.attributes
                0x0000000000000000       0x1d e:/microprocessors-microcontrollers/stm32cubeide_1.7.0/stm32cubeide/plugins/com.st.stm32cube.ide.mcu.externaltools.gnu-tools-for-stm32.9-2020-q2-update.win32_2.0.0.202105311346/tools/bin/../lib/gcc/arm-none-eabi/9.3.1/thumb/v7-m/nofp/crti.o
 .ARM.attributes
                0x000000000000001d       0x2d e:/microprocessors-microcontrollers/stm32cubeide_1.7.0/stm32cubeide/plugins/com.st.stm32cube.ide.mcu.externaltools.gnu-tools-for-stm32.9-2020-q2-update.win32_2.0.0.202105311346/tools/bin/../lib/gcc/arm-none-eabi/9.3.1/thumb/v7-m/nofp/crtbegin.o
 .ARM.attributes
                0x000000000000004a       0x2d ./Core/Src/Ex1.o
 .ARM.attributes
                0x0000000000000077       0x2d ./Core/Src/Ex2.o
 .ARM.attributes
                0x00000000000000a4       0x2d ./Core/Src/Ex3.o
 .ARM.attributes
                0x00000000000000d1       0x2d ./Core/Src/Ex4.o
 .ARM.attributes
                0x00000000000000fe       0x2d ./Core/Src/Ex5.o
 .ARM.attributes
                0x000000000000012b       0x2d ./Core/Src/main.o
 .ARM.attributes
                0x0000000000000158       0x2d ./Core/Src/stm32f1xx_hal_msp.o
 .ARM.attributes
                0x0000000000000185       0x2d ./Core/Src/stm32f1xx_it.o
 .ARM.attributes
                0x00000000000001b2       0x2d ./Core/Src/system_stm32f1xx.o
 .ARM.attributes
                0x00000000000001df       0x21 ./Core/Startup/startup_stm32f103c6ux.o
 .ARM.attributes
                0x0000000000000200       0x2d ./Drivers/STM32F1xx_HAL_Driver/Src/stm32f1xx_hal.o
 .ARM.attributes
                0x000000000000022d       0x2d ./Drivers/STM32F1xx_HAL_Driver/Src/stm32f1xx_hal_cortex.o
 .ARM.attributes
                0x000000000000025a       0x2d ./Drivers/STM32F1xx_HAL_Driver/Src/stm32f1xx_hal_gpio.o
 .ARM.attributes
                0x0000000000000287       0x2d ./Drivers/STM32F1xx_HAL_Driver/Src/stm32f1xx_hal_rcc.o
 .ARM.attributes
                0x00000000000002b4       0x2d e:/microprocessors-microcontrollers/stm32cubeide_1.7.0/stm32cubeide/plugins/com.st.stm32cube.ide.mcu.externaltools.gnu-tools-for-stm32.9-2020-q2-update.win32_2.0.0.202105311346/tools/bin/../lib/gcc/arm-none-eabi/9.3.1/../../../../arm-none-eabi/lib/thumb/v7-m/nofp\libc_nano.a(lib_a-init.o)
 .ARM.attributes
                0x00000000000002e1       0x2d e:/microprocessors-microcontrollers/stm32cubeide_1.7.0/stm32cubeide/plugins/com.st.stm32cube.ide.mcu.externaltools.gnu-tools-for-stm32.9-2020-q2-update.win32_2.0.0.202105311346/tools/bin/../lib/gcc/arm-none-eabi/9.3.1/../../../../arm-none-eabi/lib/thumb/v7-m/nofp\libc_nano.a(lib_a-memset.o)
 .ARM.attributes
                0x000000000000030e       0x1d e:/microprocessors-microcontrollers/stm32cubeide_1.7.0/stm32cubeide/plugins/com.st.stm32cube.ide.mcu.externaltools.gnu-tools-for-stm32.9-2020-q2-update.win32_2.0.0.202105311346/tools/bin/../lib/gcc/arm-none-eabi/9.3.1/thumb/v7-m/nofp/crtn.o
OUTPUT(LAB1_Exercise.elf elf32-littlearm)
LOAD linker stubs
LOAD e:/microprocessors-microcontrollers/stm32cubeide_1.7.0/stm32cubeide/plugins/com.st.stm32cube.ide.mcu.externaltools.gnu-tools-for-stm32.9-2020-q2-update.win32_2.0.0.202105311346/tools/bin/../lib/gcc/arm-none-eabi/9.3.1/../../../../arm-none-eabi/lib/thumb/v7-m/nofp\libc.a
LOAD e:/microprocessors-microcontrollers/stm32cubeide_1.7.0/stm32cubeide/plugins/com.st.stm32cube.ide.mcu.externaltools.gnu-tools-for-stm32.9-2020-q2-update.win32_2.0.0.202105311346/tools/bin/../lib/gcc/arm-none-eabi/9.3.1/../../../../arm-none-eabi/lib/thumb/v7-m/nofp\libm.a
LOAD e:/microprocessors-microcontrollers/stm32cubeide_1.7.0/stm32cubeide/plugins/com.st.stm32cube.ide.mcu.externaltools.gnu-tools-for-stm32.9-2020-q2-update.win32_2.0.0.202105311346/tools/bin/../lib/gcc/arm-none-eabi/9.3.1/thumb/v7-m/nofp\libgcc.a

.debug_info     0x0000000000000000     0x3def
 .debug_info    0x0000000000000000      0x259 ./Core/Src/Ex1.o
 .debug_info    0x0000000000000259      0x24b ./Core/Src/Ex2.o
 .debug_info    0x00000000000004a4      0x2c2 ./Core/Src/Ex3.o
 .debug_info    0x0000000000000766      0x2b0 ./Core/Src/Ex4.o
 .debug_info    0x0000000000000a16      0x376 ./Core/Src/Ex5.o
 .debug_info    0x0000000000000d8c      0x5c7 ./Core/Src/main.o
 .debug_info    0x0000000000001353      0x2fc ./Core/Src/stm32f1xx_hal_msp.o
 .debug_info    0x000000000000164f      0x222 ./Core/Src/stm32f1xx_it.o
 .debug_info    0x0000000000001871      0x2be ./Core/Src/system_stm32f1xx.o
 .debug_info    0x0000000000001b2f       0x22 ./Core/Startup/startup_stm32f103c6ux.o
 .debug_info    0x0000000000001b51      0x74c ./Drivers/STM32F1xx_HAL_Driver/Src/stm32f1xx_hal.o
 .debug_info    0x000000000000229d      0xbbe ./Drivers/STM32F1xx_HAL_Driver/Src/stm32f1xx_hal_cortex.o
 .debug_info    0x0000000000002e5b      0x701 ./Drivers/STM32F1xx_HAL_Driver/Src/stm32f1xx_hal_gpio.o
 .debug_info    0x000000000000355c      0x893 ./Drivers/STM32F1xx_HAL_Driver/Src/stm32f1xx_hal_rcc.o

.debug_abbrev   0x0000000000000000     0x1463
 .debug_abbrev  0x0000000000000000      0x10e ./Core/Src/Ex1.o
 .debug_abbrev  0x000000000000010e       0xff ./Core/Src/Ex2.o
 .debug_abbrev  0x000000000000020d      0x135 ./Core/Src/Ex3.o
 .debug_abbrev  0x0000000000000342      0x13d ./Core/Src/Ex4.o
 .debug_abbrev  0x000000000000047f      0x16d ./Core/Src/Ex5.o
 .debug_abbrev  0x00000000000005ec      0x1cd ./Core/Src/main.o
 .debug_abbrev  0x00000000000007b9      0x11d ./Core/Src/stm32f1xx_hal_msp.o
 .debug_abbrev  0x00000000000008d6       0xd2 ./Core/Src/stm32f1xx_it.o
 .debug_abbrev  0x00000000000009a8      0x14e ./Core/Src/system_stm32f1xx.o
 .debug_abbrev  0x0000000000000af6       0x12 ./Core/Startup/startup_stm32f103c6ux.o
 .debug_abbrev  0x0000000000000b08      0x1ed ./Drivers/STM32F1xx_HAL_Driver/Src/stm32f1xx_hal.o
 .debug_abbrev  0x0000000000000cf5      0x313 ./Drivers/STM32F1xx_HAL_Driver/Src/stm32f1xx_hal_cortex.o
 .debug_abbrev  0x0000000000001008      0x1e8 ./Drivers/STM32F1xx_HAL_Driver/Src/stm32f1xx_hal_gpio.o
 .debug_abbrev  0x00000000000011f0      0x273 ./Drivers/STM32F1xx_HAL_Driver/Src/stm32f1xx_hal_rcc.o

.debug_aranges  0x0000000000000000      0x488
 .debug_aranges
                0x0000000000000000       0x20 ./Core/Src/Ex1.o
 .debug_aranges
                0x0000000000000020       0x20 ./Core/Src/Ex2.o
 .debug_aranges
                0x0000000000000040       0x28 ./Core/Src/Ex3.o
 .debug_aranges
                0x0000000000000068       0x28 ./Core/Src/Ex4.o
 .debug_aranges
                0x0000000000000090       0x28 ./Core/Src/Ex5.o
 .debug_aranges
                0x00000000000000b8       0x38 ./Core/Src/main.o
 .debug_aranges
                0x00000000000000f0       0x20 ./Core/Src/stm32f1xx_hal_msp.o
 .debug_aranges
                0x0000000000000110       0x60 ./Core/Src/stm32f1xx_it.o
 .debug_aranges
                0x0000000000000170       0x28 ./Core/Src/system_stm32f1xx.o
 .debug_aranges
                0x0000000000000198       0x28 ./Core/Startup/startup_stm32f103c6ux.o
 .debug_aranges
                0x00000000000001c0       0xe0 ./Drivers/STM32F1xx_HAL_Driver/Src/stm32f1xx_hal.o
 .debug_aranges
                0x00000000000002a0      0x100 ./Drivers/STM32F1xx_HAL_Driver/Src/stm32f1xx_hal_cortex.o
 .debug_aranges
                0x00000000000003a0       0x58 ./Drivers/STM32F1xx_HAL_Driver/Src/stm32f1xx_hal_gpio.o
 .debug_aranges
                0x00000000000003f8       0x90 ./Drivers/STM32F1xx_HAL_Driver/Src/stm32f1xx_hal_rcc.o

.debug_ranges   0x0000000000000000      0x3b0
 .debug_ranges  0x0000000000000000       0x10 ./Core/Src/Ex1.o
 .debug_ranges  0x0000000000000010       0x10 ./Core/Src/Ex2.o
 .debug_ranges  0x0000000000000020       0x18 ./Core/Src/Ex3.o
 .debug_ranges  0x0000000000000038       0x18 ./Core/Src/Ex4.o
 .debug_ranges  0x0000000000000050       0x18 ./Core/Src/Ex5.o
 .debug_ranges  0x0000000000000068       0x28 ./Core/Src/main.o
 .debug_ranges  0x0000000000000090       0x10 ./Core/Src/stm32f1xx_hal_msp.o
 .debug_ranges  0x00000000000000a0       0x50 ./Core/Src/stm32f1xx_it.o
 .debug_ranges  0x00000000000000f0       0x18 ./Core/Src/system_stm32f1xx.o
 .debug_ranges  0x0000000000000108       0x20 ./Core/Startup/startup_stm32f103c6ux.o
 .debug_ranges  0x0000000000000128       0xd0 ./Drivers/STM32F1xx_HAL_Driver/Src/stm32f1xx_hal.o
 .debug_ranges  0x00000000000001f8       0xf0 ./Drivers/STM32F1xx_HAL_Driver/Src/stm32f1xx_hal_cortex.o
 .debug_ranges  0x00000000000002e8       0x48 ./Drivers/STM32F1xx_HAL_Driver/Src/stm32f1xx_hal_gpio.o
 .debug_ranges  0x0000000000000330       0x80 ./Drivers/STM32F1xx_HAL_Driver/Src/stm32f1xx_hal_rcc.o

.debug_macro    0x0000000000000000    0x15ed4
 .debug_macro   0x0000000000000000      0x19b ./Core/Src/Ex1.o
 .debug_macro   0x000000000000019b      0xa9c ./Core/Src/Ex1.o
 .debug_macro   0x0000000000000c37      0x20f ./Core/Src/Ex1.o
 .debug_macro   0x0000000000000e46       0x2e ./Core/Src/Ex1.o
 .debug_macro   0x0000000000000e74       0x22 ./Core/Src/Ex1.o
 .debug_macro   0x0000000000000e96       0x22 ./Core/Src/Ex1.o
 .debug_macro   0x0000000000000eb8       0x8e ./Core/Src/Ex1.o
 .debug_macro   0x0000000000000f46       0x51 ./Core/Src/Ex1.o
 .debug_macro   0x0000000000000f97      0x103 ./Core/Src/Ex1.o
 .debug_macro   0x000000000000109a       0x6a ./Core/Src/Ex1.o
 .debug_macro   0x0000000000001104      0x1df ./Core/Src/Ex1.o
 .debug_macro   0x00000000000012e3       0x1c ./Core/Src/Ex1.o
 .debug_macro   0x00000000000012ff       0x22 ./Core/Src/Ex1.o
 .debug_macro   0x0000000000001321       0xc3 ./Core/Src/Ex1.o
 .debug_macro   0x00000000000013e4      0xd23 ./Core/Src/Ex1.o
 .debug_macro   0x0000000000002107     0xde75 ./Core/Src/Ex1.o
 .debug_macro   0x000000000000ff7c       0x6d ./Core/Src/Ex1.o
 .debug_macro   0x000000000000ffe9     0x34a2 ./Core/Src/Ex1.o
 .debug_macro   0x000000000001348b      0x174 ./Core/Src/Ex1.o
 .debug_macro   0x00000000000135ff       0x5c ./Core/Src/Ex1.o
 .debug_macro   0x000000000001365b      0x5bc ./Core/Src/Ex1.o
 .debug_macro   0x0000000000013c17      0x1b7 ./Core/Src/Ex1.o
 .debug_macro   0x0000000000013dce      0x1cb ./Core/Src/Ex1.o
 .debug_macro   0x0000000000013f99      0x114 ./Core/Src/Ex1.o
 .debug_macro   0x00000000000140ad      0x1b2 ./Core/Src/Ex1.o
 .debug_macro   0x000000000001425f       0x27 ./Core/Src/Ex1.o
 .debug_macro   0x0000000000014286      0x12f ./Core/Src/Ex1.o
 .debug_macro   0x00000000000143b5      0x1bc ./Core/Src/Ex1.o
 .debug_macro   0x0000000000014571       0x34 ./Core/Src/Ex1.o
 .debug_macro   0x00000000000145a5       0x3c ./Core/Src/Ex1.o
 .debug_macro   0x00000000000145e1       0x57 ./Core/Src/Ex1.o
 .debug_macro   0x0000000000014638       0x87 ./Core/Src/Ex1.o
 .debug_macro   0x00000000000146bf      0x183 ./Core/Src/Ex1.o
 .debug_macro   0x0000000000014842      0x140 ./Core/Src/Ex1.o
 .debug_macro   0x0000000000014982       0x69 ./Core/Src/Ex1.o
 .debug_macro   0x00000000000149eb      0x118 ./Core/Src/Ex1.o
 .debug_macro   0x0000000000014b03      0x1a5 ./Core/Src/Ex2.o
 .debug_macro   0x0000000000014ca8      0x1a5 ./Core/Src/Ex3.o
 .debug_macro   0x0000000000014e4d      0x1a5 ./Core/Src/Ex4.o
 .debug_macro   0x0000000000014ff2      0x1b5 ./Core/Src/Ex5.o
 .debug_macro   0x00000000000151a7      0x1c6 ./Core/Src/main.o
 .debug_macro   0x000000000001536d       0x10 ./Core/Src/main.o
 .debug_macro   0x000000000001537d      0x191 ./Core/Src/stm32f1xx_hal_msp.o
 .debug_macro   0x000000000001550e      0x19b ./Core/Src/stm32f1xx_it.o
 .debug_macro   0x00000000000156a9      0x182 ./Core/Src/system_stm32f1xx.o
 .debug_macro   0x000000000001582b      0x1a6 ./Drivers/STM32F1xx_HAL_Driver/Src/stm32f1xx_hal.o
 .debug_macro   0x00000000000159d1      0x182 ./Drivers/STM32F1xx_HAL_Driver/Src/stm32f1xx_hal_cortex.o
 .debug_macro   0x0000000000015b53      0x1ed ./Drivers/STM32F1xx_HAL_Driver/Src/stm32f1xx_hal_gpio.o
 .debug_macro   0x0000000000015d40      0x194 ./Drivers/STM32F1xx_HAL_Driver/Src/stm32f1xx_hal_rcc.o

.debug_line     0x0000000000000000     0x73e3
 .debug_line    0x0000000000000000      0x755 ./Core/Src/Ex1.o
 .debug_line    0x0000000000000755      0x77f ./Core/Src/Ex2.o
 .debug_line    0x0000000000000ed4      0x7b6 ./Core/Src/Ex3.o
 .debug_line    0x000000000000168a      0x7a3 ./Core/Src/Ex4.o
 .debug_line    0x0000000000001e2d      0x81a ./Core/Src/Ex5.o
 .debug_line    0x0000000000002647      0x823 ./Core/Src/main.o
 .debug_line    0x0000000000002e6a      0x73a ./Core/Src/stm32f1xx_hal_msp.o
 .debug_line    0x00000000000035a4      0x7fb ./Core/Src/stm32f1xx_it.o
 .debug_line    0x0000000000003d9f      0x7b7 ./Core/Src/system_stm32f1xx.o
 .debug_line    0x0000000000004556       0x86 ./Core/Startup/startup_stm32f103c6ux.o
 .debug_line    0x00000000000045dc      0x9e4 ./Drivers/STM32F1xx_HAL_Driver/Src/stm32f1xx_hal.o
 .debug_line    0x0000000000004fc0      0xbcc ./Drivers/STM32F1xx_HAL_Driver/Src/stm32f1xx_hal_cortex.o
 .debug_line    0x0000000000005b8c      0xa67 ./Drivers/STM32F1xx_HAL_Driver/Src/stm32f1xx_hal_gpio.o
 .debug_line    0x00000000000065f3      0xdf0 ./Drivers/STM32F1xx_HAL_Driver/Src/stm32f1xx_hal_rcc.o

.debug_str      0x0000000000000000    0x79d49
 .debug_str     0x0000000000000000    0x78a89 ./Core/Src/Ex1.o
                                      0x78dc6 (size before relaxing)
 .debug_str     0x0000000000078a89       0x26 ./Core/Src/Ex2.o
                                      0x78dd2 (size before relaxing)
 .debug_str     0x0000000000078aaf       0x7d ./Core/Src/Ex3.o
                                      0x78e29 (size before relaxing)
 .debug_str     0x0000000000078b2c       0x59 ./Core/Src/Ex4.o
                                      0x78e05 (size before relaxing)
 .debug_str     0x0000000000078b85       0x88 ./Core/Src/Ex5.o
                                      0x78e4b (size before relaxing)
 .debug_str     0x0000000000078c0d      0x1fc ./Core/Src/main.o
                                      0x7904c (size before relaxing)
 .debug_str     0x0000000000078e09       0x5a ./Core/Src/stm32f1xx_hal_msp.o
                                      0x78e07 (size before relaxing)
 .debug_str     0x0000000000078e63       0xbd ./Core/Src/stm32f1xx_it.o
                                      0x78e24 (size before relaxing)
 .debug_str     0x0000000000078f20       0x52 ./Core/Src/system_stm32f1xx.o
                                      0x78a18 (size before relaxing)
 .debug_str     0x0000000000078f72       0x36 ./Core/Startup/startup_stm32f103c6ux.o
                                         0x55 (size before relaxing)
 .debug_str     0x0000000000078fa8      0x52e ./Drivers/STM32F1xx_HAL_Driver/Src/stm32f1xx_hal.o
                                      0x7906f (size before relaxing)
 .debug_str     0x00000000000794d6      0x300 ./Drivers/STM32F1xx_HAL_Driver/Src/stm32f1xx_hal_cortex.o
                                      0x79077 (size before relaxing)
 .debug_str     0x00000000000797d6      0x324 ./Drivers/STM32F1xx_HAL_Driver/Src/stm32f1xx_hal_gpio.o
                                      0x78ddc (size before relaxing)
 .debug_str     0x0000000000079afa      0x24f ./Drivers/STM32F1xx_HAL_Driver/Src/stm32f1xx_hal_rcc.o
                                      0x78e15 (size before relaxing)

.comment        0x0000000000000000       0x53
 .comment       0x0000000000000000       0x53 ./Core/Src/Ex1.o
                                         0x54 (size before relaxing)
 .comment       0x0000000000000053       0x54 ./Core/Src/Ex2.o
 .comment       0x0000000000000053       0x54 ./Core/Src/Ex3.o
 .comment       0x0000000000000053       0x54 ./Core/Src/Ex4.o
 .comment       0x0000000000000053       0x54 ./Core/Src/Ex5.o
 .comment       0x0000000000000053       0x54 ./Core/Src/main.o
 .comment       0x0000000000000053       0x54 ./Core/Src/stm32f1xx_hal_msp.o
 .comment       0x0000000000000053       0x54 ./Core/Src/stm32f1xx_it.o
 .comment       0x0000000000000053       0x54 ./Core/Src/system_stm32f1xx.o
 .comment       0x0000000000000053       0x54 ./Drivers/STM32F1xx_HAL_Driver/Src/stm32f1xx_hal.o
 .comment       0x0000000000000053       0x54 ./Drivers/STM32F1xx_HAL_Driver/Src/stm32f1xx_hal_cortex.o
 .comment       0x0000000000000053       0x54 ./Drivers/STM32F1xx_HAL_Driver/Src/stm32f1xx_hal_gpio.o
 .comment       0x0000000000000053       0x54 ./Drivers/STM32F1xx_HAL_Driver/Src/stm32f1xx_hal_rcc.o

.debug_frame    0x0000000000000000      0xe88
 .debug_frame   0x0000000000000000       0x2c ./Core/Src/Ex1.o
 .debug_frame   0x000000000000002c       0x2c ./Core/Src/Ex2.o
 .debug_frame   0x0000000000000058       0x58 ./Core/Src/Ex3.o
 .debug_frame   0x00000000000000b0       0x50 ./Core/Src/Ex4.o
 .debug_frame   0x0000000000000100       0x5c ./Core/Src/Ex5.o
 .debug_frame   0x000000000000015c       0x8c ./Core/Src/main.o
 .debug_frame   0x00000000000001e8       0x38 ./Core/Src/stm32f1xx_hal_msp.o
 .debug_frame   0x0000000000000220      0x104 ./Core/Src/stm32f1xx_it.o
 .debug_frame   0x0000000000000324       0x58 ./Core/Src/system_stm32f1xx.o
 .debug_frame   0x000000000000037c      0x334 ./Drivers/STM32F1xx_HAL_Driver/Src/stm32f1xx_hal.o
 .debug_frame   0x00000000000006b0      0x428 ./Drivers/STM32F1xx_HAL_Driver/Src/stm32f1xx_hal_cortex.o
 .debug_frame   0x0000000000000ad8      0x14c ./Drivers/STM32F1xx_HAL_Driver/Src/stm32f1xx_hal_gpio.o
 .debug_frame   0x0000000000000c24      0x218 ./Drivers/STM32F1xx_HAL_Driver/Src/stm32f1xx_hal_rcc.o
 .debug_frame   0x0000000000000e3c       0x2c e:/microprocessors-microcontrollers/stm32cubeide_1.7.0/stm32cubeide/plugins/com.st.stm32cube.ide.mcu.externaltools.gnu-tools-for-stm32.9-2020-q2-update.win32_2.0.0.202105311346/tools/bin/../lib/gcc/arm-none-eabi/9.3.1/../../../../arm-none-eabi/lib/thumb/v7-m/nofp\libc_nano.a(lib_a-init.o)
 .debug_frame   0x0000000000000e68       0x20 e:/microprocessors-microcontrollers/stm32cubeide_1.7.0/stm32cubeide/plugins/com.st.stm32cube.ide.mcu.externaltools.gnu-tools-for-stm32.9-2020-q2-update.win32_2.0.0.202105311346/tools/bin/../lib/gcc/arm-none-eabi/9.3.1/../../../../arm-none-eabi/lib/thumb/v7-m/nofp\libc_nano.a(lib_a-memset.o)
